[2024-07-25T15:32:53Z INFO  actix_server::builder] starting 16 workers
[2024-07-25T15:32:53Z INFO  actix_server::server] Actix runtime found; starting in Actix runtime
[2024-07-25T15:32:54Z INFO  actix_web::middleware::logger] 127.0.0.1 "GET / HTTP/1.1" 404 0 "-" "-" 0.000159
[2024-07-25T15:32:54Z INFO  actix_web::middleware::logger] 127.0.0.1 "POST /jobs HTTP/1.1" 200 413 "-" "-" 0.182366
[2024-07-25T15:32:54Z INFO  actix_web::middleware::logger] 127.0.0.1 "POST /jobs HTTP/1.1" 200 413 "-" "-" 0.168774
[2024-07-25T15:32:54Z INFO  actix_web::middleware::logger] 127.0.0.1 "POST /jobs HTTP/1.1" 200 413 "-" "-" 0.036120
