[2024-07-25T15:33:20Z INFO  actix_server::builder] starting 16 workers
[2024-07-25T15:33:20Z INFO  actix_server::server] Actix runtime found; starting in Actix runtime
[2024-07-25T15:33:21Z INFO  actix_web::middleware::logger] 127.0.0.1 "GET / HTTP/1.1" 404 0 "-" "-" 0.000109
[2024-07-25T15:33:21Z INFO  actix_web::middleware::logger] 127.0.0.1 "POST /users HTTP/1.1" 200 23 "-" "-" 0.000206
[2024-07-25T15:33:21Z INFO  actix_web::middleware::logger] 127.0.0.1 "POST /users HTTP/1.1" 200 23 "-" "-" 0.000082
[2024-07-25T15:33:21Z INFO  actix_web::middleware::logger] 127.0.0.1 "POST /jobs HTTP/1.1" 200 1077 "-" "-" 0.269780
[2024-07-25T15:33:21Z INFO  actix_web::middleware::logger] 127.0.0.1 "POST /jobs HTTP/1.1" 200 1062 "-" "-" 0.272718
[2024-07-25T15:33:22Z INFO  actix_web::middleware::logger] 127.0.0.1 "POST /jobs HTTP/1.1" 200 407 "-" "-" 0.211713
[2024-07-25T15:33:22Z INFO  actix_web::middleware::logger] 127.0.0.1 "POST /jobs HTTP/1.1" 200 407 "-" "-" 0.165962
[2024-07-25T15:33:22Z INFO  actix_web::middleware::logger] 127.0.0.1 "POST /jobs HTTP/1.1" 200 413 "-" "-" 0.180657
[2024-07-25T15:33:22Z INFO  actix_web::middleware::logger] 127.0.0.1 "POST /jobs HTTP/1.1" 200 413 "-" "-" 0.200212
[2024-07-25T15:33:22Z INFO  oj::contest_module::function_get_contests] 100
[2024-07-25T15:33:22Z INFO  oj::contest_module::function_get_contests] 0
[2024-07-25T15:33:22Z INFO  oj::contest_module::function_get_contests] 100
[2024-07-25T15:33:22Z INFO  oj::contest_module::function_get_contests] [RankInfo { user: User { id: 0, name: "root" }, rank: 1, scores: [0.0, 0.0, 100.0], highest_scores: [100.0, 0.0, 100.0], latest_scores: [0.0, 0.0, 100.0], competitive_score_sum: 0.0, shortest_times: [[9223372036854775807, 9223372036854775807, 9223372036854775807, 9223372036854775807, 9223372036854775807, 9223372036854775807, 9223372036854775807, 9223372036854775807, 9223372036854775807, 9223372036854775807, 9223372036854775807, 9223372036854775807, 9223372036854775807, 9223372036854775807, 9223372036854775807, 9223372036854775807, 9223372036854775807, 9223372036854775807, 9223372036854775807, 9223372036854775807], [9223372036854775807, 9223372036854775807, 9223372036854775807, 9223372036854775807, 9223372036854775807, 9223372036854775807, 9223372036854775807, 9223372036854775807, 9223372036854775807, 9223372036854775807, 9223372036854775807, 9223372036854775807, 9223372036854775807, 9223372036854775807, 9223372036854775807, 9223372036854775807, 9223372036854775807, 9223372036854775807, 9223372036854775807, 9223372036854775807], [9223372036854775807, 9223372036854775807, 9223372036854775807, 9223372036854775807, 9223372036854775807, 9223372036854775807, 9223372036854775807, 9223372036854775807, 9223372036854775807, 9223372036854775807, 9223372036854775807, 9223372036854775807, 9223372036854775807, 9223372036854775807, 9223372036854775807, 9223372036854775807, 9223372036854775807, 9223372036854775807, 9223372036854775807, 9223372036854775807]], latest_submission: 2024-07-25T15:33:21.795909872Z, score: 100, submission_count: 3 }, RankInfo { user: User { id: 2, name: "user2" }, rank: 1, scores: [0.0, 100.0, 0.0], highest_scores: [0.0, 100.0, 0.0], latest_scores: [0.0, 100.0, 0.0], competitive_score_sum: 0.0, shortest_times: [[9223372036854775807, 9223372036854775807, 9223372036854775807, 9223372036854775807, 9223372036854775807, 9223372036854775807, 9223372036854775807, 9223372036854775807, 9223372036854775807, 9223372036854775807, 9223372036854775807, 9223372036854775807, 9223372036854775807, 9223372036854775807, 9223372036854775807, 9223372036854775807, 9223372036854775807, 9223372036854775807, 9223372036854775807, 9223372036854775807], [9223372036854775807, 9223372036854775807, 9223372036854775807, 9223372036854775807, 9223372036854775807, 9223372036854775807, 9223372036854775807, 9223372036854775807, 9223372036854775807, 9223372036854775807, 9223372036854775807, 9223372036854775807, 9223372036854775807, 9223372036854775807, 9223372036854775807, 9223372036854775807, 9223372036854775807, 9223372036854775807, 9223372036854775807, 9223372036854775807], [9223372036854775807, 9223372036854775807, 9223372036854775807, 9223372036854775807, 9223372036854775807, 9223372036854775807, 9223372036854775807, 9223372036854775807, 9223372036854775807, 9223372036854775807, 9223372036854775807, 9223372036854775807, 9223372036854775807, 9223372036854775807, 9223372036854775807, 9223372036854775807, 9223372036854775807, 9223372036854775807, 9223372036854775807, 9223372036854775807]], latest_submission: 2024-07-25T15:33:21.250615901Z, score: 100, submission_count: 1 }, RankInfo { user: User { id: 1, name: "user1" }, rank: 3, scores: [0.0, 0.0, 0.0], highest_scores: [100.0, 0.0, 0.0], latest_scores: [0.0, 0.0, 0.0], competitive_score_sum: 0.0, shortest_times: [[9223372036854775807, 9223372036854775807, 9223372036854775807, 9223372036854775807, 9223372036854775807, 9223372036854775807, 9223372036854775807, 9223372036854775807, 9223372036854775807, 9223372036854775807, 9223372036854775807, 9223372036854775807, 9223372036854775807, 9223372036854775807, 9223372036854775807, 9223372036854775807, 9223372036854775807, 9223372036854775807, 9223372036854775807, 9223372036854775807], [9223372036854775807, 9223372036854775807, 9223372036854775807, 9223372036854775807, 9223372036854775807, 9223372036854775807, 9223372036854775807, 9223372036854775807, 9223372036854775807, 9223372036854775807, 9223372036854775807, 9223372036854775807, 9223372036854775807, 9223372036854775807, 9223372036854775807, 9223372036854775807, 9223372036854775807, 9223372036854775807, 9223372036854775807, 9223372036854775807], [9223372036854775807, 9223372036854775807, 9223372036854775807, 9223372036854775807, 9223372036854775807, 9223372036854775807, 9223372036854775807, 9223372036854775807, 9223372036854775807, 9223372036854775807, 9223372036854775807, 9223372036854775807, 9223372036854775807, 9223372036854775807, 9223372036854775807, 9223372036854775807, 9223372036854775807, 9223372036854775807, 9223372036854775807, 9223372036854775807]], latest_submission: 2024-07-25T15:33:22.008683997Z, score: 0, submission_count: 2 }]
[2024-07-25T15:33:22Z INFO  actix_web::middleware::logger] 127.0.0.1 "GET /contests/0/ranklist?scoring_rule=latest HTTP/1.1" 200 4409 "-" "-" 0.000439
[2024-07-25T15:33:22Z INFO  oj::contest_module::function_get_contests] [RankInfo { user: User { id: 0, name: "root" }, rank: 1, scores: [100.0, 0.0, 100.0], highest_scores: [100.0, 0.0, 100.0], latest_scores: [0.0, 0.0, 100.0], competitive_score_sum: 0.0, shortest_times: [[9223372036854775807, 9223372036854775807, 9223372036854775807, 9223372036854775807, 9223372036854775807, 9223372036854775807, 9223372036854775807, 9223372036854775807, 9223372036854775807, 9223372036854775807, 9223372036854775807, 9223372036854775807, 9223372036854775807, 9223372036854775807, 9223372036854775807, 9223372036854775807, 9223372036854775807, 9223372036854775807, 9223372036854775807, 9223372036854775807], [9223372036854775807, 9223372036854775807, 9223372036854775807, 9223372036854775807, 9223372036854775807, 9223372036854775807, 9223372036854775807, 9223372036854775807, 9223372036854775807, 9223372036854775807, 9223372036854775807, 9223372036854775807, 9223372036854775807, 9223372036854775807, 9223372036854775807, 9223372036854775807, 9223372036854775807, 9223372036854775807, 9223372036854775807, 9223372036854775807], [9223372036854775807, 9223372036854775807, 9223372036854775807, 9223372036854775807, 9223372036854775807, 9223372036854775807, 9223372036854775807, 9223372036854775807, 9223372036854775807, 9223372036854775807, 9223372036854775807, 9223372036854775807, 9223372036854775807, 9223372036854775807, 9223372036854775807, 9223372036854775807, 9223372036854775807, 9223372036854775807, 9223372036854775807, 9223372036854775807]], latest_submission: 2024-07-25T15:33:21.795909872Z, score: 200, submission_count: 3 }, RankInfo { user: User { id: 1, name: "user1" }, rank: 2, scores: [100.0, 0.0, 0.0], highest_scores: [100.0, 0.0, 0.0], latest_scores: [0.0, 0.0, 0.0], competitive_score_sum: 0.0, shortest_times: [[9223372036854775807, 9223372036854775807, 9223372036854775807, 9223372036854775807, 9223372036854775807, 9223372036854775807, 9223372036854775807, 9223372036854775807, 9223372036854775807, 9223372036854775807, 9223372036854775807, 9223372036854775807, 9223372036854775807, 9223372036854775807, 9223372036854775807, 9223372036854775807, 9223372036854775807, 9223372036854775807, 9223372036854775807, 9223372036854775807], [9223372036854775807, 9223372036854775807, 9223372036854775807, 9223372036854775807, 9223372036854775807, 9223372036854775807, 9223372036854775807, 9223372036854775807, 9223372036854775807, 9223372036854775807, 9223372036854775807, 9223372036854775807, 9223372036854775807, 9223372036854775807, 9223372036854775807, 9223372036854775807, 9223372036854775807, 9223372036854775807, 9223372036854775807, 9223372036854775807], [9223372036854775807, 9223372036854775807, 9223372036854775807, 9223372036854775807, 9223372036854775807, 9223372036854775807, 9223372036854775807, 9223372036854775807, 9223372036854775807, 9223372036854775807, 9223372036854775807, 9223372036854775807, 9223372036854775807, 9223372036854775807, 9223372036854775807, 9223372036854775807, 9223372036854775807, 9223372036854775807, 9223372036854775807, 9223372036854775807]], latest_submission: 2024-07-25T15:33:22.008683997Z, score: 100, submission_count: 2 }, RankInfo { user: User { id: 2, name: "user2" }, rank: 2, scores: [0.0, 100.0, 0.0], highest_scores: [0.0, 100.0, 0.0], latest_scores: [0.0, 100.0, 0.0], competitive_score_sum: 0.0, shortest_times: [[9223372036854775807, 9223372036854775807, 9223372036854775807, 9223372036854775807, 9223372036854775807, 9223372036854775807, 9223372036854775807, 9223372036854775807, 9223372036854775807, 9223372036854775807, 9223372036854775807, 9223372036854775807, 9223372036854775807, 9223372036854775807, 9223372036854775807, 9223372036854775807, 9223372036854775807, 9223372036854775807, 9223372036854775807, 9223372036854775807], [9223372036854775807, 9223372036854775807, 9223372036854775807, 9223372036854775807, 9223372036854775807, 9223372036854775807, 9223372036854775807, 9223372036854775807, 9223372036854775807, 9223372036854775807, 9223372036854775807, 9223372036854775807, 9223372036854775807, 9223372036854775807, 9223372036854775807, 9223372036854775807, 9223372036854775807, 9223372036854775807, 9223372036854775807, 9223372036854775807], [9223372036854775807, 9223372036854775807, 9223372036854775807, 9223372036854775807, 9223372036854775807, 9223372036854775807, 9223372036854775807, 9223372036854775807, 9223372036854775807, 9223372036854775807, 9223372036854775807, 9223372036854775807, 9223372036854775807, 9223372036854775807, 9223372036854775807, 9223372036854775807, 9223372036854775807, 9223372036854775807, 9223372036854775807, 9223372036854775807]], latest_submission: 2024-07-25T15:33:21.250615901Z, score: 100, submission_count: 1 }]
[2024-07-25T15:33:22Z INFO  actix_web::middleware::logger] 127.0.0.1 "GET /contests/0/ranklist?scoring_rule=highest HTTP/1.1" 200 4415 "-" "-" 0.000371
