[2024-07-25T15:33:17Z INFO  actix_server::builder] starting 16 workers
[2024-07-25T15:33:17Z INFO  actix_server::server] Actix runtime found; starting in Actix runtime
[2024-07-25T15:33:18Z INFO  actix_web::middleware::logger] 127.0.0.1 "GET / HTTP/1.1" 404 0 "-" "-" 0.000114
[2024-07-25T15:33:18Z INFO  oj::contest_module::function_get_contests] 0
[2024-07-25T15:33:18Z INFO  oj::contest_module::function_get_contests] [RankInfo { user: User { id: 0, name: "root" }, rank: 1, scores: [0.0, 0.0, 0.0], highest_scores: [0.0, 0.0, 0.0], latest_scores: [0.0, 0.0, 0.0], competitive_score_sum: 0.0, shortest_times: [[9223372036854775807, 9223372036854775807, 9223372036854775807, 9223372036854775807, 9223372036854775807, 9223372036854775807, 9223372036854775807, 9223372036854775807, 9223372036854775807, 9223372036854775807, 9223372036854775807, 9223372036854775807, 9223372036854775807, 9223372036854775807, 9223372036854775807, 9223372036854775807, 9223372036854775807, 9223372036854775807, 9223372036854775807, 9223372036854775807], [9223372036854775807, 9223372036854775807, 9223372036854775807, 9223372036854775807, 9223372036854775807, 9223372036854775807, 9223372036854775807, 9223372036854775807, 9223372036854775807, 9223372036854775807, 9223372036854775807, 9223372036854775807, 9223372036854775807, 9223372036854775807, 9223372036854775807, 9223372036854775807, 9223372036854775807, 9223372036854775807, 9223372036854775807, 9223372036854775807], [9223372036854775807, 9223372036854775807, 9223372036854775807, 9223372036854775807, 9223372036854775807, 9223372036854775807, 9223372036854775807, 9223372036854775807, 9223372036854775807, 9223372036854775807, 9223372036854775807, 9223372036854775807, 9223372036854775807, 9223372036854775807, 9223372036854775807, 9223372036854775807, 9223372036854775807, 9223372036854775807, 9223372036854775807, 9223372036854775807]], latest_submission: +262142-12-31T23:59:59.999999999Z, score: 0, submission_count: 0 }]
[2024-07-25T15:33:18Z INFO  actix_web::middleware::logger] 127.0.0.1 "GET /contests/0/ranklist HTTP/1.1" 200 1466 "-" "-" 0.000325
[2024-07-25T15:33:18Z INFO  actix_web::middleware::logger] 127.0.0.1 "POST /users HTTP/1.1" 200 23 "-" "-" 0.000111
[2024-07-25T15:33:18Z INFO  oj::contest_module::function_get_contests] 0
[2024-07-25T15:33:18Z INFO  oj::contest_module::function_get_contests] 0
[2024-07-25T15:33:18Z INFO  oj::contest_module::function_get_contests] [RankInfo { user: User { id: 0, name: "root" }, rank: 1, scores: [0.0, 0.0, 0.0], highest_scores: [0.0, 0.0, 0.0], latest_scores: [0.0, 0.0, 0.0], competitive_score_sum: 0.0, shortest_times: [[9223372036854775807, 9223372036854775807, 9223372036854775807, 9223372036854775807, 9223372036854775807, 9223372036854775807, 9223372036854775807, 9223372036854775807, 9223372036854775807, 9223372036854775807, 9223372036854775807, 9223372036854775807, 9223372036854775807, 9223372036854775807, 9223372036854775807, 9223372036854775807, 9223372036854775807, 9223372036854775807, 9223372036854775807, 9223372036854775807], [9223372036854775807, 9223372036854775807, 9223372036854775807, 9223372036854775807, 9223372036854775807, 9223372036854775807, 9223372036854775807, 9223372036854775807, 9223372036854775807, 9223372036854775807, 9223372036854775807, 9223372036854775807, 9223372036854775807, 9223372036854775807, 9223372036854775807, 9223372036854775807, 9223372036854775807, 9223372036854775807, 9223372036854775807, 9223372036854775807], [9223372036854775807, 9223372036854775807, 9223372036854775807, 9223372036854775807, 9223372036854775807, 9223372036854775807, 9223372036854775807, 9223372036854775807, 9223372036854775807, 9223372036854775807, 9223372036854775807, 9223372036854775807, 9223372036854775807, 9223372036854775807, 9223372036854775807, 9223372036854775807, 9223372036854775807, 9223372036854775807, 9223372036854775807, 9223372036854775807]], latest_submission: +262142-12-31T23:59:59.999999999Z, score: 0, submission_count: 0 }, RankInfo { user: User { id: 1, name: "user1" }, rank: 1, scores: [0.0, 0.0, 0.0], highest_scores: [0.0, 0.0, 0.0], latest_scores: [0.0, 0.0, 0.0], competitive_score_sum: 0.0, shortest_times: [[9223372036854775807, 9223372036854775807, 9223372036854775807, 9223372036854775807, 9223372036854775807, 9223372036854775807, 9223372036854775807, 9223372036854775807, 9223372036854775807, 9223372036854775807, 9223372036854775807, 9223372036854775807, 9223372036854775807, 9223372036854775807, 9223372036854775807, 9223372036854775807, 9223372036854775807, 9223372036854775807, 9223372036854775807, 9223372036854775807], [9223372036854775807, 9223372036854775807, 9223372036854775807, 9223372036854775807, 9223372036854775807, 9223372036854775807, 9223372036854775807, 9223372036854775807, 9223372036854775807, 9223372036854775807, 9223372036854775807, 9223372036854775807, 9223372036854775807, 9223372036854775807, 9223372036854775807, 9223372036854775807, 9223372036854775807, 9223372036854775807, 9223372036854775807, 9223372036854775807], [9223372036854775807, 9223372036854775807, 9223372036854775807, 9223372036854775807, 9223372036854775807, 9223372036854775807, 9223372036854775807, 9223372036854775807, 9223372036854775807, 9223372036854775807, 9223372036854775807, 9223372036854775807, 9223372036854775807, 9223372036854775807, 9223372036854775807, 9223372036854775807, 9223372036854775807, 9223372036854775807, 9223372036854775807, 9223372036854775807]], latest_submission: +262142-12-31T23:59:59.999999999Z, score: 0, submission_count: 0 }]
[2024-07-25T15:33:18Z INFO  actix_web::middleware::logger] 127.0.0.1 "GET /contests/0/ranklist HTTP/1.1" 200 2932 "-" "-" 0.000475
[2024-07-25T15:33:18Z INFO  actix_web::middleware::logger] 127.0.0.1 "POST /users HTTP/1.1" 200 23 "-" "-" 0.000088
[2024-07-25T15:33:18Z INFO  actix_web::middleware::logger] 127.0.0.1 "POST /jobs HTTP/1.1" 200 1077 "-" "-" 0.239360
[2024-07-25T15:33:19Z INFO  actix_web::middleware::logger] 127.0.0.1 "POST /jobs HTTP/1.1" 200 1062 "-" "-" 0.266911
[2024-07-25T15:33:19Z INFO  actix_web::middleware::logger] 127.0.0.1 "POST /jobs HTTP/1.1" 200 407 "-" "-" 0.204803
[2024-07-25T15:33:19Z INFO  oj::contest_module::function_get_contests] 200
[2024-07-25T15:33:19Z INFO  oj::contest_module::function_get_contests] 0
[2024-07-25T15:33:19Z INFO  oj::contest_module::function_get_contests] 100
[2024-07-25T15:33:19Z INFO  oj::contest_module::function_get_contests] [RankInfo { user: User { id: 0, name: "root" }, rank: 1, scores: [100.0, 0.0, 100.0], highest_scores: [100.0, 0.0, 100.0], latest_scores: [100.0, 0.0, 100.0], competitive_score_sum: 0.0, shortest_times: [[9223372036854775807, 9223372036854775807, 9223372036854775807, 9223372036854775807, 9223372036854775807, 9223372036854775807, 9223372036854775807, 9223372036854775807, 9223372036854775807, 9223372036854775807, 9223372036854775807, 9223372036854775807, 9223372036854775807, 9223372036854775807, 9223372036854775807, 9223372036854775807, 9223372036854775807, 9223372036854775807, 9223372036854775807, 9223372036854775807], [9223372036854775807, 9223372036854775807, 9223372036854775807, 9223372036854775807, 9223372036854775807, 9223372036854775807, 9223372036854775807, 9223372036854775807, 9223372036854775807, 9223372036854775807, 9223372036854775807, 9223372036854775807, 9223372036854775807, 9223372036854775807, 9223372036854775807, 9223372036854775807, 9223372036854775807, 9223372036854775807, 9223372036854775807, 9223372036854775807], [9223372036854775807, 9223372036854775807, 9223372036854775807, 9223372036854775807, 9223372036854775807, 9223372036854775807, 9223372036854775807, 9223372036854775807, 9223372036854775807, 9223372036854775807, 9223372036854775807, 9223372036854775807, 9223372036854775807, 9223372036854775807, 9223372036854775807, 9223372036854775807, 9223372036854775807, 9223372036854775807, 9223372036854775807, 9223372036854775807]], latest_submission: 2024-07-25T15:33:19.033351523Z, score: 200, submission_count: 2 }, RankInfo { user: User { id: 2, name: "user2" }, rank: 2, scores: [0.0, 100.0, 0.0], highest_scores: [0.0, 100.0, 0.0], latest_scores: [0.0, 100.0, 0.0], competitive_score_sum: 0.0, shortest_times: [[9223372036854775807, 9223372036854775807, 9223372036854775807, 9223372036854775807, 9223372036854775807, 9223372036854775807, 9223372036854775807, 9223372036854775807, 9223372036854775807, 9223372036854775807, 9223372036854775807, 9223372036854775807, 9223372036854775807, 9223372036854775807, 9223372036854775807, 9223372036854775807, 9223372036854775807, 9223372036854775807, 9223372036854775807, 9223372036854775807], [9223372036854775807, 9223372036854775807, 9223372036854775807, 9223372036854775807, 9223372036854775807, 9223372036854775807, 9223372036854775807, 9223372036854775807, 9223372036854775807, 9223372036854775807, 9223372036854775807, 9223372036854775807, 9223372036854775807, 9223372036854775807, 9223372036854775807, 9223372036854775807, 9223372036854775807, 9223372036854775807, 9223372036854775807, 9223372036854775807], [9223372036854775807, 9223372036854775807, 9223372036854775807, 9223372036854775807, 9223372036854775807, 9223372036854775807, 9223372036854775807, 9223372036854775807, 9223372036854775807, 9223372036854775807, 9223372036854775807, 9223372036854775807, 9223372036854775807, 9223372036854775807, 9223372036854775807, 9223372036854775807, 9223372036854775807, 9223372036854775807, 9223372036854775807, 9223372036854775807]], latest_submission: 2024-07-25T15:33:18.523285985Z, score: 100, submission_count: 1 }, RankInfo { user: User { id: 1, name: "user1" }, rank: 3, scores: [0.0, 0.0, 0.0], highest_scores: [0.0, 0.0, 0.0], latest_scores: [0.0, 0.0, 0.0], competitive_score_sum: 0.0, shortest_times: [[9223372036854775807, 9223372036854775807, 9223372036854775807, 9223372036854775807, 9223372036854775807, 9223372036854775807, 9223372036854775807, 9223372036854775807, 9223372036854775807, 9223372036854775807, 9223372036854775807, 9223372036854775807, 9223372036854775807, 9223372036854775807, 9223372036854775807, 9223372036854775807, 9223372036854775807, 9223372036854775807, 9223372036854775807, 9223372036854775807], [9223372036854775807, 9223372036854775807, 9223372036854775807, 9223372036854775807, 9223372036854775807, 9223372036854775807, 9223372036854775807, 9223372036854775807, 9223372036854775807, 9223372036854775807, 9223372036854775807, 9223372036854775807, 9223372036854775807, 9223372036854775807, 9223372036854775807, 9223372036854775807, 9223372036854775807, 9223372036854775807, 9223372036854775807, 9223372036854775807], [9223372036854775807, 9223372036854775807, 9223372036854775807, 9223372036854775807, 9223372036854775807, 9223372036854775807, 9223372036854775807, 9223372036854775807, 9223372036854775807, 9223372036854775807, 9223372036854775807, 9223372036854775807, 9223372036854775807, 9223372036854775807, 9223372036854775807, 9223372036854775807, 9223372036854775807, 9223372036854775807, 9223372036854775807, 9223372036854775807]], latest_submission: +262142-12-31T23:59:59.999999999Z, score: 0, submission_count: 0 }]
[2024-07-25T15:33:19Z INFO  actix_web::middleware::logger] 127.0.0.1 "GET /contests/0/ranklist HTTP/1.1" 200 4414 "-" "-" 0.000470
