[2024-07-25T15:33:23Z INFO  actix_server::builder] starting 16 workers
[2024-07-25T15:33:23Z INFO  actix_server::server] Actix runtime found; starting in Actix runtime
[2024-07-25T15:33:24Z INFO  actix_web::middleware::logger] 127.0.0.1 "GET / HTTP/1.1" 404 0 "-" "-" 0.000155
[2024-07-25T15:33:24Z INFO  actix_web::middleware::logger] 127.0.0.1 "POST /users HTTP/1.1" 200 23 "-" "-" 0.000425
[2024-07-25T15:33:24Z INFO  actix_web::middleware::logger] 127.0.0.1 "POST /users HTTP/1.1" 200 23 "-" "-" 0.000181
[2024-07-25T15:33:24Z INFO  actix_web::middleware::logger] 127.0.0.1 "POST /jobs HTTP/1.1" 200 1077 "-" "-" 0.220166
[2024-07-25T15:33:24Z INFO  actix_web::middleware::logger] 127.0.0.1 "POST /jobs HTTP/1.1" 200 407 "-" "-" 0.171306
[2024-07-25T15:33:25Z INFO  actix_web::middleware::logger] 127.0.0.1 "POST /jobs HTTP/1.1" 200 1062 "-" "-" 0.249335
[2024-07-25T15:33:25Z INFO  actix_web::middleware::logger] 127.0.0.1 "POST /jobs HTTP/1.1" 200 413 "-" "-" 0.188056
[2024-07-25T15:33:25Z INFO  oj::contest_module::function_get_contests] [RankInfo { user: User { id: 0, name: "root" }, rank: 1, scores: [100.0, 0.0, 0.0], highest_scores: [100.0, 0.0, 0.0], latest_scores: [0.0, 0.0, 0.0], competitive_score_sum: 0.0, shortest_times: [[9223372036854775807, 9223372036854775807, 9223372036854775807, 9223372036854775807, 9223372036854775807, 9223372036854775807, 9223372036854775807, 9223372036854775807, 9223372036854775807, 9223372036854775807, 9223372036854775807, 9223372036854775807, 9223372036854775807, 9223372036854775807, 9223372036854775807, 9223372036854775807, 9223372036854775807, 9223372036854775807, 9223372036854775807, 9223372036854775807], [9223372036854775807, 9223372036854775807, 9223372036854775807, 9223372036854775807, 9223372036854775807, 9223372036854775807, 9223372036854775807, 9223372036854775807, 9223372036854775807, 9223372036854775807, 9223372036854775807, 9223372036854775807, 9223372036854775807, 9223372036854775807, 9223372036854775807, 9223372036854775807, 9223372036854775807, 9223372036854775807, 9223372036854775807, 9223372036854775807], [9223372036854775807, 9223372036854775807, 9223372036854775807, 9223372036854775807, 9223372036854775807, 9223372036854775807, 9223372036854775807, 9223372036854775807, 9223372036854775807, 9223372036854775807, 9223372036854775807, 9223372036854775807, 9223372036854775807, 9223372036854775807, 9223372036854775807, 9223372036854775807, 9223372036854775807, 9223372036854775807, 9223372036854775807, 9223372036854775807]], latest_submission: 2024-07-25T15:33:24.794582660Z, score: 100, submission_count: 2 }, RankInfo { user: User { id: 1, name: "user1" }, rank: 1, scores: [0.0, 0.0, 100.0], highest_scores: [0.0, 0.0, 100.0], latest_scores: [0.0, 0.0, 100.0], competitive_score_sum: 0.0, shortest_times: [[9223372036854775807, 9223372036854775807, 9223372036854775807, 9223372036854775807, 9223372036854775807, 9223372036854775807, 9223372036854775807, 9223372036854775807, 9223372036854775807, 9223372036854775807, 9223372036854775807, 9223372036854775807, 9223372036854775807, 9223372036854775807, 9223372036854775807, 9223372036854775807, 9223372036854775807, 9223372036854775807, 9223372036854775807, 9223372036854775807], [9223372036854775807, 9223372036854775807, 9223372036854775807, 9223372036854775807, 9223372036854775807, 9223372036854775807, 9223372036854775807, 9223372036854775807, 9223372036854775807, 9223372036854775807, 9223372036854775807, 9223372036854775807, 9223372036854775807, 9223372036854775807, 9223372036854775807, 9223372036854775807, 9223372036854775807, 9223372036854775807, 9223372036854775807, 9223372036854775807], [9223372036854775807, 9223372036854775807, 9223372036854775807, 9223372036854775807, 9223372036854775807, 9223372036854775807, 9223372036854775807, 9223372036854775807, 9223372036854775807, 9223372036854775807, 9223372036854775807, 9223372036854775807, 9223372036854775807, 9223372036854775807, 9223372036854775807, 9223372036854775807, 9223372036854775807, 9223372036854775807, 9223372036854775807, 9223372036854775807]], latest_submission: 2024-07-25T15:33:24.966871880Z, score: 100, submission_count: 1 }, RankInfo { user: User { id: 2, name: "user2" }, rank: 1, scores: [0.0, 100.0, 0.0], highest_scores: [0.0, 100.0, 0.0], latest_scores: [0.0, 100.0, 0.0], competitive_score_sum: 0.0, shortest_times: [[9223372036854775807, 9223372036854775807, 9223372036854775807, 9223372036854775807, 9223372036854775807, 9223372036854775807, 9223372036854775807, 9223372036854775807, 9223372036854775807, 9223372036854775807, 9223372036854775807, 9223372036854775807, 9223372036854775807, 9223372036854775807, 9223372036854775807, 9223372036854775807, 9223372036854775807, 9223372036854775807, 9223372036854775807, 9223372036854775807], [9223372036854775807, 9223372036854775807, 9223372036854775807, 9223372036854775807, 9223372036854775807, 9223372036854775807, 9223372036854775807, 9223372036854775807, 9223372036854775807, 9223372036854775807, 9223372036854775807, 9223372036854775807, 9223372036854775807, 9223372036854775807, 9223372036854775807, 9223372036854775807, 9223372036854775807, 9223372036854775807, 9223372036854775807, 9223372036854775807], [9223372036854775807, 9223372036854775807, 9223372036854775807, 9223372036854775807, 9223372036854775807, 9223372036854775807, 9223372036854775807, 9223372036854775807, 9223372036854775807, 9223372036854775807, 9223372036854775807, 9223372036854775807, 9223372036854775807, 9223372036854775807, 9223372036854775807, 9223372036854775807, 9223372036854775807, 9223372036854775807, 9223372036854775807, 9223372036854775807]], latest_submission: 2024-07-25T15:33:24.572977770Z, score: 100, submission_count: 1 }]
[2024-07-25T15:33:25Z INFO  actix_web::middleware::logger] 127.0.0.1 "GET /contests/0/ranklist?scoring_rule=highest HTTP/1.1" 200 4411 "-" "-" 0.000405
[2024-07-25T15:33:25Z INFO  oj::contest_module::function_get_contests] [RankInfo { user: User { id: 0, name: "root" }, rank: 1, scores: [100.0, 0.0, 0.0], highest_scores: [100.0, 0.0, 0.0], latest_scores: [0.0, 0.0, 0.0], competitive_score_sum: 0.0, shortest_times: [[9223372036854775807, 9223372036854775807, 9223372036854775807, 9223372036854775807, 9223372036854775807, 9223372036854775807, 9223372036854775807, 9223372036854775807, 9223372036854775807, 9223372036854775807, 9223372036854775807, 9223372036854775807, 9223372036854775807, 9223372036854775807, 9223372036854775807, 9223372036854775807, 9223372036854775807, 9223372036854775807, 9223372036854775807, 9223372036854775807], [9223372036854775807, 9223372036854775807, 9223372036854775807, 9223372036854775807, 9223372036854775807, 9223372036854775807, 9223372036854775807, 9223372036854775807, 9223372036854775807, 9223372036854775807, 9223372036854775807, 9223372036854775807, 9223372036854775807, 9223372036854775807, 9223372036854775807, 9223372036854775807, 9223372036854775807, 9223372036854775807, 9223372036854775807, 9223372036854775807], [9223372036854775807, 9223372036854775807, 9223372036854775807, 9223372036854775807, 9223372036854775807, 9223372036854775807, 9223372036854775807, 9223372036854775807, 9223372036854775807, 9223372036854775807, 9223372036854775807, 9223372036854775807, 9223372036854775807, 9223372036854775807, 9223372036854775807, 9223372036854775807, 9223372036854775807, 9223372036854775807, 9223372036854775807, 9223372036854775807]], latest_submission: 2024-07-25T15:33:24.794582660Z, score: 100, submission_count: 2 }, RankInfo { user: User { id: 1, name: "user1" }, rank: 2, scores: [0.0, 0.0, 100.0], highest_scores: [0.0, 0.0, 100.0], latest_scores: [0.0, 0.0, 100.0], competitive_score_sum: 0.0, shortest_times: [[9223372036854775807, 9223372036854775807, 9223372036854775807, 9223372036854775807, 9223372036854775807, 9223372036854775807, 9223372036854775807, 9223372036854775807, 9223372036854775807, 9223372036854775807, 9223372036854775807, 9223372036854775807, 9223372036854775807, 9223372036854775807, 9223372036854775807, 9223372036854775807, 9223372036854775807, 9223372036854775807, 9223372036854775807, 9223372036854775807], [9223372036854775807, 9223372036854775807, 9223372036854775807, 9223372036854775807, 9223372036854775807, 9223372036854775807, 9223372036854775807, 9223372036854775807, 9223372036854775807, 9223372036854775807, 9223372036854775807, 9223372036854775807, 9223372036854775807, 9223372036854775807, 9223372036854775807, 9223372036854775807, 9223372036854775807, 9223372036854775807, 9223372036854775807, 9223372036854775807], [9223372036854775807, 9223372036854775807, 9223372036854775807, 9223372036854775807, 9223372036854775807, 9223372036854775807, 9223372036854775807, 9223372036854775807, 9223372036854775807, 9223372036854775807, 9223372036854775807, 9223372036854775807, 9223372036854775807, 9223372036854775807, 9223372036854775807, 9223372036854775807, 9223372036854775807, 9223372036854775807, 9223372036854775807, 9223372036854775807]], latest_submission: 2024-07-25T15:33:24.966871880Z, score: 100, submission_count: 1 }, RankInfo { user: User { id: 2, name: "user2" }, rank: 3, scores: [0.0, 100.0, 0.0], highest_scores: [0.0, 100.0, 0.0], latest_scores: [0.0, 100.0, 0.0], competitive_score_sum: 0.0, shortest_times: [[9223372036854775807, 9223372036854775807, 9223372036854775807, 9223372036854775807, 9223372036854775807, 9223372036854775807, 9223372036854775807, 9223372036854775807, 9223372036854775807, 9223372036854775807, 9223372036854775807, 9223372036854775807, 9223372036854775807, 9223372036854775807, 9223372036854775807, 9223372036854775807, 9223372036854775807, 9223372036854775807, 9223372036854775807, 9223372036854775807], [9223372036854775807, 9223372036854775807, 9223372036854775807, 9223372036854775807, 9223372036854775807, 9223372036854775807, 9223372036854775807, 9223372036854775807, 9223372036854775807, 9223372036854775807, 9223372036854775807, 9223372036854775807, 9223372036854775807, 9223372036854775807, 9223372036854775807, 9223372036854775807, 9223372036854775807, 9223372036854775807, 9223372036854775807, 9223372036854775807], [9223372036854775807, 9223372036854775807, 9223372036854775807, 9223372036854775807, 9223372036854775807, 9223372036854775807, 9223372036854775807, 9223372036854775807, 9223372036854775807, 9223372036854775807, 9223372036854775807, 9223372036854775807, 9223372036854775807, 9223372036854775807, 9223372036854775807, 9223372036854775807, 9223372036854775807, 9223372036854775807, 9223372036854775807, 9223372036854775807]], latest_submission: 2024-07-25T15:33:24.572977770Z, score: 100, submission_count: 1 }]
[2024-07-25T15:33:25Z INFO  actix_web::middleware::logger] 127.0.0.1 "GET /contests/0/ranklist?scoring_rule=highest&tie_breaker=user_id HTTP/1.1" 200 4411 "-" "-" 0.000345
[2024-07-25T15:33:25Z INFO  oj::contest_module::function_get_contests] [RankInfo { user: User { id: 1, name: "user1" }, rank: 1, scores: [0.0, 0.0, 100.0], highest_scores: [0.0, 0.0, 100.0], latest_scores: [0.0, 0.0, 100.0], competitive_score_sum: 0.0, shortest_times: [[9223372036854775807, 9223372036854775807, 9223372036854775807, 9223372036854775807, 9223372036854775807, 9223372036854775807, 9223372036854775807, 9223372036854775807, 9223372036854775807, 9223372036854775807, 9223372036854775807, 9223372036854775807, 9223372036854775807, 9223372036854775807, 9223372036854775807, 9223372036854775807, 9223372036854775807, 9223372036854775807, 9223372036854775807, 9223372036854775807], [9223372036854775807, 9223372036854775807, 9223372036854775807, 9223372036854775807, 9223372036854775807, 9223372036854775807, 9223372036854775807, 9223372036854775807, 9223372036854775807, 9223372036854775807, 9223372036854775807, 9223372036854775807, 9223372036854775807, 9223372036854775807, 9223372036854775807, 9223372036854775807, 9223372036854775807, 9223372036854775807, 9223372036854775807, 9223372036854775807], [9223372036854775807, 9223372036854775807, 9223372036854775807, 9223372036854775807, 9223372036854775807, 9223372036854775807, 9223372036854775807, 9223372036854775807, 9223372036854775807, 9223372036854775807, 9223372036854775807, 9223372036854775807, 9223372036854775807, 9223372036854775807, 9223372036854775807, 9223372036854775807, 9223372036854775807, 9223372036854775807, 9223372036854775807, 9223372036854775807]], latest_submission: 2024-07-25T15:33:24.966871880Z, score: 100, submission_count: 1 }, RankInfo { user: User { id: 2, name: "user2" }, rank: 1, scores: [0.0, 100.0, 0.0], highest_scores: [0.0, 100.0, 0.0], latest_scores: [0.0, 100.0, 0.0], competitive_score_sum: 0.0, shortest_times: [[9223372036854775807, 9223372036854775807, 9223372036854775807, 9223372036854775807, 9223372036854775807, 9223372036854775807, 9223372036854775807, 9223372036854775807, 9223372036854775807, 9223372036854775807, 9223372036854775807, 9223372036854775807, 9223372036854775807, 9223372036854775807, 9223372036854775807, 9223372036854775807, 9223372036854775807, 9223372036854775807, 9223372036854775807, 9223372036854775807], [9223372036854775807, 9223372036854775807, 9223372036854775807, 9223372036854775807, 9223372036854775807, 9223372036854775807, 9223372036854775807, 9223372036854775807, 9223372036854775807, 9223372036854775807, 9223372036854775807, 9223372036854775807, 9223372036854775807, 9223372036854775807, 9223372036854775807, 9223372036854775807, 9223372036854775807, 9223372036854775807, 9223372036854775807, 9223372036854775807], [9223372036854775807, 9223372036854775807, 9223372036854775807, 9223372036854775807, 9223372036854775807, 9223372036854775807, 9223372036854775807, 9223372036854775807, 9223372036854775807, 9223372036854775807, 9223372036854775807, 9223372036854775807, 9223372036854775807, 9223372036854775807, 9223372036854775807, 9223372036854775807, 9223372036854775807, 9223372036854775807, 9223372036854775807, 9223372036854775807]], latest_submission: 2024-07-25T15:33:24.572977770Z, score: 100, submission_count: 1 }, RankInfo { user: User { id: 0, name: "root" }, rank: 3, scores: [100.0, 0.0, 0.0], highest_scores: [100.0, 0.0, 0.0], latest_scores: [0.0, 0.0, 0.0], competitive_score_sum: 0.0, shortest_times: [[9223372036854775807, 9223372036854775807, 9223372036854775807, 9223372036854775807, 9223372036854775807, 9223372036854775807, 9223372036854775807, 9223372036854775807, 9223372036854775807, 9223372036854775807, 9223372036854775807, 9223372036854775807, 9223372036854775807, 9223372036854775807, 9223372036854775807, 9223372036854775807, 9223372036854775807, 9223372036854775807, 9223372036854775807, 9223372036854775807], [9223372036854775807, 9223372036854775807, 9223372036854775807, 9223372036854775807, 9223372036854775807, 9223372036854775807, 9223372036854775807, 9223372036854775807, 9223372036854775807, 9223372036854775807, 9223372036854775807, 9223372036854775807, 9223372036854775807, 9223372036854775807, 9223372036854775807, 9223372036854775807, 9223372036854775807, 9223372036854775807, 9223372036854775807, 9223372036854775807], [9223372036854775807, 9223372036854775807, 9223372036854775807, 9223372036854775807, 9223372036854775807, 9223372036854775807, 9223372036854775807, 9223372036854775807, 9223372036854775807, 9223372036854775807, 9223372036854775807, 9223372036854775807, 9223372036854775807, 9223372036854775807, 9223372036854775807, 9223372036854775807, 9223372036854775807, 9223372036854775807, 9223372036854775807, 9223372036854775807]], latest_submission: 2024-07-25T15:33:24.794582660Z, score: 100, submission_count: 2 }]
[2024-07-25T15:33:25Z INFO  actix_web::middleware::logger] 127.0.0.1 "GET /contests/0/ranklist?scoring_rule=highest&tie_breaker=submission_count HTTP/1.1" 200 4411 "-" "-" 0.000324
[2024-07-25T15:33:25Z INFO  oj::contest_module::function_get_contests] [RankInfo { user: User { id: 2, name: "user2" }, rank: 1, scores: [0.0, 100.0, 0.0], highest_scores: [0.0, 100.0, 0.0], latest_scores: [0.0, 100.0, 0.0], competitive_score_sum: 0.0, shortest_times: [[9223372036854775807, 9223372036854775807, 9223372036854775807, 9223372036854775807, 9223372036854775807, 9223372036854775807, 9223372036854775807, 9223372036854775807, 9223372036854775807, 9223372036854775807, 9223372036854775807, 9223372036854775807, 9223372036854775807, 9223372036854775807, 9223372036854775807, 9223372036854775807, 9223372036854775807, 9223372036854775807, 9223372036854775807, 9223372036854775807], [9223372036854775807, 9223372036854775807, 9223372036854775807, 9223372036854775807, 9223372036854775807, 9223372036854775807, 9223372036854775807, 9223372036854775807, 9223372036854775807, 9223372036854775807, 9223372036854775807, 9223372036854775807, 9223372036854775807, 9223372036854775807, 9223372036854775807, 9223372036854775807, 9223372036854775807, 9223372036854775807, 9223372036854775807, 9223372036854775807], [9223372036854775807, 9223372036854775807, 9223372036854775807, 9223372036854775807, 9223372036854775807, 9223372036854775807, 9223372036854775807, 9223372036854775807, 9223372036854775807, 9223372036854775807, 9223372036854775807, 9223372036854775807, 9223372036854775807, 9223372036854775807, 9223372036854775807, 9223372036854775807, 9223372036854775807, 9223372036854775807, 9223372036854775807, 9223372036854775807]], latest_submission: 2024-07-25T15:33:24.572977770Z, score: 100, submission_count: 1 }, RankInfo { user: User { id: 0, name: "root" }, rank: 2, scores: [100.0, 0.0, 0.0], highest_scores: [100.0, 0.0, 0.0], latest_scores: [0.0, 0.0, 0.0], competitive_score_sum: 0.0, shortest_times: [[9223372036854775807, 9223372036854775807, 9223372036854775807, 9223372036854775807, 9223372036854775807, 9223372036854775807, 9223372036854775807, 9223372036854775807, 9223372036854775807, 9223372036854775807, 9223372036854775807, 9223372036854775807, 9223372036854775807, 9223372036854775807, 9223372036854775807, 9223372036854775807, 9223372036854775807, 9223372036854775807, 9223372036854775807, 9223372036854775807], [9223372036854775807, 9223372036854775807, 9223372036854775807, 9223372036854775807, 9223372036854775807, 9223372036854775807, 9223372036854775807, 9223372036854775807, 9223372036854775807, 9223372036854775807, 9223372036854775807, 9223372036854775807, 9223372036854775807, 9223372036854775807, 9223372036854775807, 9223372036854775807, 9223372036854775807, 9223372036854775807, 9223372036854775807, 9223372036854775807], [9223372036854775807, 9223372036854775807, 9223372036854775807, 9223372036854775807, 9223372036854775807, 9223372036854775807, 9223372036854775807, 9223372036854775807, 9223372036854775807, 9223372036854775807, 9223372036854775807, 9223372036854775807, 9223372036854775807, 9223372036854775807, 9223372036854775807, 9223372036854775807, 9223372036854775807, 9223372036854775807, 9223372036854775807, 9223372036854775807]], latest_submission: 2024-07-25T15:33:24.794582660Z, score: 100, submission_count: 2 }, RankInfo { user: User { id: 1, name: "user1" }, rank: 3, scores: [0.0, 0.0, 100.0], highest_scores: [0.0, 0.0, 100.0], latest_scores: [0.0, 0.0, 100.0], competitive_score_sum: 0.0, shortest_times: [[9223372036854775807, 9223372036854775807, 9223372036854775807, 9223372036854775807, 9223372036854775807, 9223372036854775807, 9223372036854775807, 9223372036854775807, 9223372036854775807, 9223372036854775807, 9223372036854775807, 9223372036854775807, 9223372036854775807, 9223372036854775807, 9223372036854775807, 9223372036854775807, 9223372036854775807, 9223372036854775807, 9223372036854775807, 9223372036854775807], [9223372036854775807, 9223372036854775807, 9223372036854775807, 9223372036854775807, 9223372036854775807, 9223372036854775807, 9223372036854775807, 9223372036854775807, 9223372036854775807, 9223372036854775807, 9223372036854775807, 9223372036854775807, 9223372036854775807, 9223372036854775807, 9223372036854775807, 9223372036854775807, 9223372036854775807, 9223372036854775807, 9223372036854775807, 9223372036854775807], [9223372036854775807, 9223372036854775807, 9223372036854775807, 9223372036854775807, 9223372036854775807, 9223372036854775807, 9223372036854775807, 9223372036854775807, 9223372036854775807, 9223372036854775807, 9223372036854775807, 9223372036854775807, 9223372036854775807, 9223372036854775807, 9223372036854775807, 9223372036854775807, 9223372036854775807, 9223372036854775807, 9223372036854775807, 9223372036854775807]], latest_submission: 2024-07-25T15:33:24.966871880Z, score: 100, submission_count: 1 }]
[2024-07-25T15:33:25Z INFO  actix_web::middleware::logger] 127.0.0.1 "GET /contests/0/ranklist?scoring_rule=highest&tie_breaker=submission_time HTTP/1.1" 200 4411 "-" "-" 0.000301
