[2024-07-25T15:32:36Z INFO  actix_server::builder] starting 16 workers
[2024-07-25T15:32:36Z INFO  actix_server::server] Actix runtime found; starting in Actix runtime
[2024-07-25T15:32:37Z INFO  actix_web::middleware::logger] 127.0.0.1 "GET / HTTP/1.1" 404 0 "-" "-" 0.000241
[2024-07-25T15:32:37Z INFO  oj::jobs_module::spj] ["./tests/data/guessing/judge.py", "TMPDIR/test.out", "./tests/data/guessing/1.ans"]
[2024-07-25T15:32:37Z INFO  oj::jobs_module::spj] Code ran successfully
[2024-07-25T15:32:37Z INFO  actix_web::middleware::logger] 127.0.0.1 "POST /jobs HTTP/1.1" 200 429 "-" "-" 0.188240
[2024-07-25T15:32:38Z INFO  oj::jobs_module::spj] ["./tests/data/guessing/judge.py", "TMPDIR/test.out", "./tests/data/guessing/1.ans"]
[2024-07-25T15:32:38Z INFO  oj::jobs_module::spj] Code ran successfully
[2024-07-25T15:32:38Z INFO  actix_web::middleware::logger] 127.0.0.1 "POST /jobs HTTP/1.1" 200 435 "-" "-" 0.185966
