[2024-07-25T15:32:39Z INFO  actix_server::builder] starting 16 workers
[2024-07-25T15:32:39Z INFO  actix_server::server] Actix runtime found; starting in Actix runtime
[2024-07-25T15:32:40Z INFO  actix_web::middleware::logger] 127.0.0.1 "GET / HTTP/1.1" 404 0 "-" "-" 0.000160
[2024-07-25T15:32:40Z INFO  actix_web::middleware::logger] 127.0.0.1 "POST /users HTTP/1.1" 200 23 "-" "-" 0.000287
[2024-07-25T15:32:40Z INFO  actix_web::middleware::logger] 127.0.0.1 "POST /users HTTP/1.1" 200 23 "-" "-" 0.000094
[2024-07-25T15:32:40Z INFO  oj::jobs_module::function_post_jobs] Time used by 0: 500707
[2024-07-25T15:32:40Z INFO  actix_web::middleware::logger] 127.0.0.1 "POST /jobs HTTP/1.1" 200 470 "-" "-" 0.690236
[2024-07-25T15:32:41Z INFO  oj::jobs_module::function_post_jobs] Time used by 1: 1001116
[2024-07-25T15:32:41Z INFO  actix_web::middleware::logger] 127.0.0.1 "POST /jobs HTTP/1.1" 200 472 "-" "-" 1.184511
[2024-07-25T15:32:42Z INFO  oj::jobs_module::function_post_jobs] Time used by 2: 100883
[2024-07-25T15:32:42Z INFO  actix_web::middleware::logger] 127.0.0.1 "POST /jobs HTTP/1.1" 200 470 "-" "-" 0.288057
[2024-07-25T15:32:42Z INFO  oj::contest_module::function_get_contests] 60
[2024-07-25T15:32:42Z INFO  oj::contest_module::function_get_contests] 55
[2024-07-25T15:32:42Z INFO  oj::contest_module::function_get_contests] 100
[2024-07-25T15:32:42Z INFO  oj::contest_module::function_get_contests] [RankInfo { user: User { id: 2, name: "user2" }, rank: 1, scores: [100.0], highest_scores: [50.0], latest_scores: [50.0], competitive_score_sum: 0.0, shortest_times: [[100883, 9223372036854775807, 9223372036854775807, 9223372036854775807, 9223372036854775807, 9223372036854775807, 9223372036854775807, 9223372036854775807, 9223372036854775807, 9223372036854775807, 9223372036854775807, 9223372036854775807, 9223372036854775807, 9223372036854775807, 9223372036854775807, 9223372036854775807, 9223372036854775807, 9223372036854775807, 9223372036854775807, 9223372036854775807]], latest_submission: 2024-07-25T15:32:41.932558936Z, score: 100, submission_count: 1 }, RankInfo { user: User { id: 0, name: "root" }, rank: 2, scores: [60.074055], highest_scores: [50.0], latest_scores: [50.0], competitive_score_sum: 0.0, shortest_times: [[500707, 9223372036854775807, 9223372036854775807, 9223372036854775807, 9223372036854775807, 9223372036854775807, 9223372036854775807, 9223372036854775807, 9223372036854775807, 9223372036854775807, 9223372036854775807, 9223372036854775807, 9223372036854775807, 9223372036854775807, 9223372036854775807, 9223372036854775807, 9223372036854775807, 9223372036854775807, 9223372036854775807, 9223372036854775807]], latest_submission: 2024-07-25T15:32:40.055406987Z, score: 60, submission_count: 1 }, RankInfo { user: User { id: 1, name: "user1" }, rank: 3, scores: [55.03853], highest_scores: [50.0], latest_scores: [50.0], competitive_score_sum: 0.0, shortest_times: [[1001116, 9223372036854775807, 9223372036854775807, 9223372036854775807, 9223372036854775807, 9223372036854775807, 9223372036854775807, 9223372036854775807, 9223372036854775807, 9223372036854775807, 9223372036854775807, 9223372036854775807, 9223372036854775807, 9223372036854775807, 9223372036854775807, 9223372036854775807, 9223372036854775807, 9223372036854775807, 9223372036854775807, 9223372036854775807]], latest_submission: 2024-07-25T15:32:40.746717529Z, score: 55, submission_count: 1 }]
[2024-07-25T15:32:42Z INFO  actix_web::middleware::logger] 127.0.0.1 "GET /contests/0/ranklist HTTP/1.1" 200 1890 "-" "-" 0.000305
