[2024-07-25T15:32:22Z INFO  actix_server::builder] starting 16 workers
[2024-07-25T15:32:22Z INFO  actix_server::server] Actix runtime found; starting in Actix runtime
[2024-07-25T15:32:23Z INFO  actix_web::middleware::logger] 127.0.0.1 "GET / HTTP/1.1" 404 0 "-" "-" 0.000113
[2024-07-25T15:32:24Z INFO  actix_web::middleware::logger] 127.0.0.1 "POST /jobs HTTP/1.1" 200 407 "-" "-" 0.192351
[2024-07-25T15:32:25Z INFO  actix_server::builder] starting 16 workers
[2024-07-25T15:32:25Z INFO  actix_server::server] Actix runtime found; starting in Actix runtime
[2024-07-25T15:32:26Z INFO  actix_web::middleware::logger] 127.0.0.1 "GET / HTTP/1.1" 404 0 "-" "-" 0.000169
[2024-07-25T15:32:26Z INFO  actix_web::middleware::logger] 127.0.0.1 "GET /jobs HTTP/1.1" 200 2 "-" "-" 0.000211
[2024-07-25T15:32:26Z INFO  oj] Shutdown as requested
