[2024-07-25T15:32:20Z INFO  actix_server::builder] starting 16 workers
[2024-07-25T15:32:20Z INFO  actix_server::server] Actix runtime found; starting in Actix runtime
[2024-07-25T15:32:21Z INFO  actix_web::middleware::logger] 127.0.0.1 "GET / HTTP/1.1" 404 0 "-" "-" 0.000105
[2024-07-25T15:32:21Z INFO  actix_web::middleware::logger] 127.0.0.1 "POST /users HTTP/1.1" 200 23 "-" "-" 0.000208
[2024-07-25T15:32:21Z INFO  oj::contest_module::function_post_contests] Contest { id: 1, name: "Contest 1", from: 2000-01-01T00:00:00Z, to: 2030-01-01T00:00:00Z, problem_ids: [0], user_ids: [1], submission_limit: 1, users: [RankInfo { user: User { id: 1, name: "user1" }, rank: 0, scores: [0.0], highest_scores: [0.0], latest_scores: [0.0], competitive_score_sum: 0.0, shortest_times: [[9223372036854775807, 9223372036854775807, 9223372036854775807, 9223372036854775807, 9223372036854775807, 9223372036854775807, 9223372036854775807, 9223372036854775807, 9223372036854775807, 9223372036854775807, 9223372036854775807, 9223372036854775807, 9223372036854775807, 9223372036854775807, 9223372036854775807, 9223372036854775807, 9223372036854775807, 9223372036854775807, 9223372036854775807, 9223372036854775807]], latest_submission: +262142-12-31T23:59:59.999999999Z, score: 0, submission_count: 0 }] }
[2024-07-25T15:32:21Z INFO  actix_web::middleware::logger] 127.0.0.1 "POST /contests HTTP/1.1" 200 795 "-" "-" 0.000209
[2024-07-25T15:32:21Z INFO  oj::contest_module::function_post_contests] Contest { id: 2, name: "Contest 2", from: 2000-01-01T00:00:00Z, to: 2030-01-01T00:00:00Z, problem_ids: [1], user_ids: [0], submission_limit: 1, users: [RankInfo { user: User { id: 0, name: "root" }, rank: 0, scores: [0.0], highest_scores: [0.0], latest_scores: [0.0], competitive_score_sum: 0.0, shortest_times: [[9223372036854775807, 9223372036854775807, 9223372036854775807, 9223372036854775807, 9223372036854775807, 9223372036854775807, 9223372036854775807, 9223372036854775807, 9223372036854775807, 9223372036854775807, 9223372036854775807, 9223372036854775807, 9223372036854775807, 9223372036854775807, 9223372036854775807, 9223372036854775807, 9223372036854775807, 9223372036854775807, 9223372036854775807, 9223372036854775807]], latest_submission: +262142-12-31T23:59:59.999999999Z, score: 0, submission_count: 0 }] }
[2024-07-25T15:32:21Z INFO  actix_web::middleware::logger] 127.0.0.1 "POST /contests HTTP/1.1" 200 794 "-" "-" 0.000170
[2024-07-25T15:32:21Z INFO  actix_web::middleware::logger] 127.0.0.1 "GET /contests HTTP/1.1" 200 1592 "-" "-" 0.000098
[2024-07-25T15:32:21Z INFO  actix_web::middleware::logger] 127.0.0.1 "GET /contests/1 HTTP/1.1" 200 795 "-" "-" 0.000097
[2024-07-25T15:32:21Z INFO  actix_web::middleware::logger] 127.0.0.1 "GET /contests/3 HTTP/1.1" 404 68 "-" "-" 0.000066
[2024-07-25T15:32:21Z INFO  actix_web::middleware::logger] 127.0.0.1 "POST /jobs HTTP/1.1" 400 75 "-" "-" 0.000082
[2024-07-25T15:32:21Z INFO  actix_web::middleware::logger] 127.0.0.1 "POST /jobs HTTP/1.1" 400 75 "-" "-" 0.000101
[2024-07-25T15:32:21Z INFO  actix_web::middleware::logger] 127.0.0.1 "POST /jobs HTTP/1.1" 200 1077 "-" "-" 0.265577
[2024-07-25T15:32:21Z INFO  actix_web::middleware::logger] 127.0.0.1 "POST /jobs HTTP/1.1" 400 69 "-" "-" 0.000143
[2024-07-25T15:32:21Z INFO  oj::contest_module::function_get_contests] 0
[2024-07-25T15:32:21Z INFO  oj::contest_module::function_get_contests] [RankInfo { user: User { id: 1, name: "user1" }, rank: 1, scores: [0.0], highest_scores: [0.0], latest_scores: [0.0], competitive_score_sum: 0.0, shortest_times: [[9223372036854775807, 9223372036854775807, 9223372036854775807, 9223372036854775807, 9223372036854775807, 9223372036854775807, 9223372036854775807, 9223372036854775807, 9223372036854775807, 9223372036854775807, 9223372036854775807, 9223372036854775807, 9223372036854775807, 9223372036854775807, 9223372036854775807, 9223372036854775807, 9223372036854775807, 9223372036854775807, 9223372036854775807, 9223372036854775807]], latest_submission: +262142-12-31T23:59:59.999999999Z, score: 0, submission_count: 0 }]
[2024-07-25T15:32:21Z INFO  actix_web::middleware::logger] 127.0.0.1 "GET /contests/1/ranklist HTTP/1.1" 200 639 "-" "-" 0.000179
[2024-07-25T15:32:21Z INFO  oj::contest_module::function_get_contests] 100
[2024-07-25T15:32:21Z INFO  oj::contest_module::function_get_contests] [RankInfo { user: User { id: 0, name: "root" }, rank: 1, scores: [100.0], highest_scores: [100.0], latest_scores: [100.0], competitive_score_sum: 0.0, shortest_times: [[9223372036854775807, 9223372036854775807, 9223372036854775807, 9223372036854775807, 9223372036854775807, 9223372036854775807, 9223372036854775807, 9223372036854775807, 9223372036854775807, 9223372036854775807, 9223372036854775807, 9223372036854775807, 9223372036854775807, 9223372036854775807, 9223372036854775807, 9223372036854775807, 9223372036854775807, 9223372036854775807, 9223372036854775807, 9223372036854775807]], latest_submission: 2024-07-25T15:32:21.721022089Z, score: 100, submission_count: 1 }]
[2024-07-25T15:32:21Z INFO  actix_web::middleware::logger] 127.0.0.1 "GET /contests/2/ranklist HTTP/1.1" 200 643 "-" "-" 0.000149
