[2024-07-25T15:32:27Z INFO  actix_server::builder] starting 16 workers
[2024-07-25T15:32:27Z INFO  actix_server::server] Actix runtime found; starting in Actix runtime
[2024-07-25T15:32:28Z INFO  actix_web::middleware::logger] 127.0.0.1 "GET / HTTP/1.1" 404 0 "-" "-" 0.000229
[2024-07-25T15:32:31Z INFO  oj] Shutdown as requested
